../Core/Src/tim.c:34:6:MX_TIM1_Init	96	static
../Core/Src/tim.c:108:6:MX_TIM2_Init	64	static
../Core/Src/tim.c:166:6:MX_TIM3_Init	56	static
../Core/Src/tim.c:210:6:MX_TIM4_Init	56	static
../Core/Src/tim.c:254:6:MX_TIM10_Init	8	static
../Core/Src/tim.c:280:6:HAL_TIM_Base_MspInit	32	static
../Core/Src/tim.c:326:6:HAL_TIM_Encoder_MspInit	56	static
../Core/Src/tim.c:379:6:HAL_TIM_MspPostInit	48	static
../Core/Src/tim.c:429:6:HAL_TIM_Base_MspDeInit	16	static
../Core/Src/tim.c:487:6:HAL_TIM_Encoder_MspDeInit	16	static
